データ読み込み...
  1,578,679 rows loaded (12 codes)
  LME: 523 days
  スロット計算: 寄り30分 (09:00-09:30)...
  スロット計算: 前場前半 (09:30-10:30)...
  スロット計算: 前場後半 (10:30-11:30)...
  スロット計算: 後場前半 (12:30-13:30)...
  スロット計算: 後場後半 (13:30-14:30)...
  スロット計算: 引け前 (14:30-15:30)...
  集計完了: 144 rows -> timeofday_summary.csv
findfont: Font family 'IPAexGothic' not found.
findfont: Font family 'Noto Sans CJK JP' not found.
findfont: Font family 'IPAexGothic' not found.
findfont: Font family 'Noto Sans CJK JP' not found.
findfont: Font family 'IPAexGothic' not found.
findfont: Font family 'Noto Sans CJK JP' not found.
findfont: Font family 'IPAexGothic' not found.
findfont: Font family 'Noto Sans CJK JP' not found.
findfont: Font family 'IPAexGothic' not found.
findfont: Font family 'Noto Sans CJK JP' not found.
findfont: Font family 'IPAexGothic' not found.
findfont: Font family 'Noto Sans CJK JP' not found.
findfont: Font family 'IPAexGothic' not found.
findfont: Font family 'Noto Sans CJK JP' not found.
findfont: Font family 'IPAexGothic' not found.
findfont: Font family 'Noto Sans CJK JP' not found.
findfont: Font family 'IPAexGothic' not found.
findfont: Font family 'Noto Sans CJK JP' not found.
findfont: Font family 'IPAexGothic' not found.
findfont: Font family 'Noto Sans CJK JP' not found.
findfont: Font family 'IPAexGothic' not found.
findfont: Font family 'Noto Sans CJK JP' not found.
findfont: Font family 'IPAexGothic' not found.
findfont: Font family 'Noto Sans CJK JP' not found.
findfont: Font family 'IPAexGothic' not found.
findfont: Font family 'Noto Sans CJK JP' not found.
findfont: Font family 'IPAexGothic' not found.
findfont: Font family 'Noto Sans CJK JP' not found.
findfont: Font family 'IPAexGothic' not found.
findfont: Font family 'Noto Sans CJK JP' not found.
findfont: Font family 'IPAexGothic' not found.
findfont: Font family 'Noto Sans CJK JP' not found.
findfont: Font family 'IPAexGothic' not found.
findfont: Font family 'Noto Sans CJK JP' not found.
findfont: Font family 'IPAexGothic' not found.
findfont: Font family 'Noto Sans CJK JP' not found.
findfont: Font family 'IPAexGothic' not found.
findfont: Font family 'Noto Sans CJK JP' not found.
findfont: Font family 'IPAexGothic' not found.
findfont: Font family 'Noto Sans CJK JP' not found.
findfont: Font family 'IPAexGothic' not found.
findfont: Font family 'Noto Sans CJK JP' not found.
findfont: Font family 'IPAexGothic' not found.
findfont: Font family 'Noto Sans CJK JP' not found.
findfont: Font family 'IPAexGothic' not found.
findfont: Font family 'Noto Sans CJK JP' not found.
findfont: Font family 'IPAexGothic' not found.
findfont: Font family 'Noto Sans CJK JP' not found.
findfont: Font family 'IPAexGothic' not found.
findfont: Font family 'Noto Sans CJK JP' not found.
findfont: Font family 'IPAexGothic' not found.
findfont: Font family 'Noto Sans CJK JP' not found.
findfont: Font family 'IPAexGothic' not found.
findfont: Font family 'Noto Sans CJK JP' not found.
findfont: Font family 'IPAexGothic' not found.
findfont: Font family 'Noto Sans CJK JP' not found.
findfont: Font family 'IPAexGothic' not found.
findfont: Font family 'Noto Sans CJK JP' not found.
findfont: Font family 'IPAexGothic' not found.
findfont: Font family 'Noto Sans CJK JP' not found.
findfont: Font family 'IPAexGothic' not found.
findfont: Font family 'Noto Sans CJK JP' not found.
findfont: Font family 'IPAexGothic' not found.
findfont: Font family 'Noto Sans CJK JP' not found.
findfont: Font family 'IPAexGothic' not found.
findfont: Font family 'Noto Sans CJK JP' not found.
findfont: Font family 'IPAexGothic' not found.
findfont: Font family 'Noto Sans CJK JP' not found.
findfont: Font family 'IPAexGothic' not found.
findfont: Font family 'Noto Sans CJK JP' not found.
findfont: Font family 'IPAexGothic' not found.
findfont: Font family 'Noto Sans CJK JP' not found.
findfont: Font family 'IPAexGothic' not found.
findfont: Font family 'Noto Sans CJK JP' not found.
findfont: Font family 'IPAexGothic' not found.
findfont: Font family 'Noto Sans CJK JP' not found.
findfont: Font family 'IPAexGothic' not found.
findfont: Font family 'Noto Sans CJK JP' not found.
findfont: Font family 'IPAexGothic' not found.
findfont: Font family 'Noto Sans CJK JP' not found.
findfont: Font family 'IPAexGothic' not found.
findfont: Font family 'Noto Sans CJK JP' not found.
findfont: Font family 'IPAexGothic' not found.
findfont: Font family 'Noto Sans CJK JP' not found.
findfont: Font family 'IPAexGothic' not found.
findfont: Font family 'Noto Sans CJK JP' not found.
findfont: Font family 'IPAexGothic' not found.
findfont: Font family 'Noto Sans CJK JP' not found.
findfont: Font family 'IPAexGothic' not found.
findfont: Font family 'Noto Sans CJK JP' not found.
findfont: Font family 'IPAexGothic' not found.
findfont: Font family 'Noto Sans CJK JP' not found.
findfont: Font family 'IPAexGothic' not found.
findfont: Font family 'Noto Sans CJK JP' not found.
findfont: Font family 'IPAexGothic' not found.
findfont: Font family 'Noto Sans CJK JP' not found.
findfont: Font family 'IPAexGothic' not found.
findfont: Font family 'Noto Sans CJK JP' not found.
findfont: Font family 'IPAexGothic' not found.
findfont: Font family 'Noto Sans CJK JP' not found.
findfont: Font family 'IPAexGothic' not found.
findfont: Font family 'Noto Sans CJK JP' not found.
findfont: Font family 'IPAexGothic' not found.
findfont: Font family 'Noto Sans CJK JP' not found.
findfont: Font family 'IPAexGothic' not found.
findfont: Font family 'Noto Sans CJK JP' not found.
findfont: Font family 'IPAexGothic' not found.
findfont: Font family 'Noto Sans CJK JP' not found.
findfont: Font family 'IPAexGothic' not found.
findfont: Font family 'Noto Sans CJK JP' not found.
findfont: Font family 'IPAexGothic' not found.
findfont: Font family 'Noto Sans CJK JP' not found.
findfont: Font family 'IPAexGothic' not found.
findfont: Font family 'Noto Sans CJK JP' not found.
findfont: Font family 'IPAexGothic' not found.
findfont: Font family 'Noto Sans CJK JP' not found.
findfont: Font family 'IPAexGothic' not found.
findfont: Font family 'Noto Sans CJK JP' not found.
findfont: Font family 'IPAexGothic' not found.
findfont: Font family 'Noto Sans CJK JP' not found.
findfont: Font family 'IPAexGothic' not found.
findfont: Font family 'Noto Sans CJK JP' not found.
findfont: Font family 'IPAexGothic' not found.
findfont: Font family 'Noto Sans CJK JP' not found.
findfont: Font family 'IPAexGothic' not found.
findfont: Font family 'Noto Sans CJK JP' not found.
findfont: Font family 'IPAexGothic' not found.
findfont: Font family 'Noto Sans CJK JP' not found.
findfont: Font family 'IPAexGothic' not found.
findfont: Font family 'Noto Sans CJK JP' not found.
findfont: Font family 'IPAexGothic' not found.
findfont: Font family 'Noto Sans CJK JP' not found.
findfont: Font family 'IPAexGothic' not found.
findfont: Font family 'Noto Sans CJK JP' not found.
findfont: Font family 'IPAexGothic' not found.
findfont: Font family 'Noto Sans CJK JP' not found.
findfont: Font family 'IPAexGothic' not found.
findfont: Font family 'Noto Sans CJK JP' not found.
findfont: Font family 'IPAexGothic' not found.
findfont: Font family 'Noto Sans CJK JP' not found.
findfont: Font family 'IPAexGothic' not found.
findfont: Font family 'Noto Sans CJK JP' not found.
findfont: Font family 'IPAexGothic' not found.
findfont: Font family 'Noto Sans CJK JP' not found.
findfont: Font family 'IPAexGothic' not found.
findfont: Font family 'Noto Sans CJK JP' not found.
findfont: Font family 'IPAexGothic' not found.
findfont: Font family 'Noto Sans CJK JP' not found.
findfont: Font family 'IPAexGothic' not found.
findfont: Font family 'Noto Sans CJK JP' not found.
findfont: Font family 'IPAexGothic' not found.
findfont: Font family 'Noto Sans CJK JP' not found.
findfont: Font family 'IPAexGothic' not found.
findfont: Font family 'Noto Sans CJK JP' not found.
findfont: Font family 'IPAexGothic' not found.
findfont: Font family 'Noto Sans CJK JP' not found.
findfont: Font family 'IPAexGothic' not found.
findfont: Font family 'Noto Sans CJK JP' not found.
findfont: Font family 'IPAexGothic' not found.
findfont: Font family 'Noto Sans CJK JP' not found.
findfont: Font family 'IPAexGothic' not found.
findfont: Font family 'Noto Sans CJK JP' not found.
result.png 保存完了

=== |t|≥2.0 かつ N≥30 のエッジ候補 ===
 slot sector   cond    n   mean_bps         t        wr
 前場後半     非鉄   曜日_火  763 -17.293992 -5.417395 41.415465
  引け前    ALL   曜日_水 1095  10.343577  5.352885 54.977169
 前場後半    ALL   曜日_火 1083 -13.168941 -5.133498 43.397969
  引け前     非鉄   曜日_水  772  11.553757  4.924020 57.642487
  引け前    ALL LME-1%  985  10.116354  4.680580 52.893401
  引け前     非鉄 LME-1%  698  11.524069  4.626160 54.297994
 後場前半    ALL   曜日_火 1091 -12.814536 -4.592300 43.263061
  引け前    ALL   曜日_金 1127   9.226456  4.505963 53.327418
  引け前    ALL     全日 5378   4.396319  4.430178 51.245816
寄り30分     非鉄     全日 3792  10.405758  4.401450 50.342827
寄り30分    ALL     全日 5451   8.298138  4.339097 49.091910
 後場前半     非鉄   曜日_火  763 -13.854100 -4.179720 44.823067
  引け前     非鉄   曜日_金  794  10.281263  4.135423 54.156171
 前場後半     非鉄   曜日_水  772  14.476996  4.045390 56.865285
  引け前     非鉄     全日 3784   4.803644  3.983726 52.167019
寄り30分     非鉄   曜日_水  773  20.908367  3.968481 51.746442
 前場後半    ALL   曜日_水 1084  10.421353  3.698251 53.690037
寄り30分    ALL   曜日_水 1110  14.956940  3.532166 50.450450
 後場後半     非鉄   曜日_金  794   6.985039  3.501106 54.534005
 後場後半    ALL   曜日_金 1115   6.278825  3.487129 52.466368
 前場後半     非鉄 LME-1%  699  10.515286  3.317997 53.791130
  引け前    ALL   曜日_木 1113   5.912342  3.252161 52.111411
  引け前     非鉄   曜日_木  786   5.625804  2.789194 52.926209
 前場後半    ALL LME-1%  975   7.296955  2.660321 52.102564
寄り30分    ALL   曜日_木 1131  10.877757  2.618352 51.989390
 前場前半     非鉄 LME-1%  699 -10.414287 -2.603168 43.633763
寄り30分    ALL   曜日_金 1140  10.448667  2.540621 48.508772
寄り30分    ALL LME-1%  998  10.516444  2.504334 51.503006
 前場前半    ALL   曜日_金 1128  -7.584416 -2.503617 46.010638
 前場前半    ALL LME-1%  989  -8.559752 -2.501871 43.781598
寄り30分     非鉄   曜日_木  788  12.579807  2.378548 53.426396
 後場前半    ALL     全日 5441  -2.900554 -2.341716 47.233964
 後場後半     非鉄   曜日_火  763   6.464721  2.328355 51.245085
  引け前    半導体   曜日_水  323   7.451134  2.200845 48.606811
 前場前半    ALL   曜日_月  969   8.336256  2.156519 51.496388
寄り30分     非鉄 LME-1%  699  10.511923  2.076178 51.645207
寄り30分     非鉄   曜日_火  765  11.411332  2.068137 50.980392
 後場前半    半導体   曜日_火  328 -10.396282 -2.010026 39.634146
