データ読み込み...
  1,578,679 rows
  LME: 523 days
パネル構築中 (数分かかります)...
  panel: 5,648 code-days

=== IS/OOS検証結果 ===
  A_火曜_前場後半_非鉄Short                        [ALL] N= 101  mean=  +8.60bps  t= +1.28  Sharpe=+2.02  cum=+868bps
  A_火曜_前場後半_非鉄Short                        [IS ] N=  55  mean=  -1.07bps  t= -0.17  Sharpe=-0.37  cum=-59bps
  A_火曜_前場後半_非鉄Short                        [OOS] N=  46  mean= +20.15bps  t= +1.59  Sharpe=+3.71  cum=+927bps
  B_水曜_引け前_全体Long                          [ALL] N= 102  mean=  +1.95bps  t= +0.49  Sharpe=+0.76  cum=+198bps
  B_水曜_引け前_全体Long                          [IS ] N=  58  mean=  -1.70bps  t= -0.31  Sharpe=-0.64  cum=-99bps
  B_水曜_引け前_全体Long                          [OOS] N=  44  mean=  +6.75bps  t= +1.16  Sharpe=+2.76  cum=+297bps
  C_LME下落_引け前_非鉄Long                       [ALL] N=  93  mean=  +3.04bps  t= +0.66  Sharpe=+1.08  cum=+283bps
  C_LME下落_引け前_非鉄Long                       [IS ] N=  59  mean=  -5.03bps  t= -1.17  Sharpe=-2.42  cum=-297bps
  C_LME下落_引け前_非鉄Long                       [OOS] N=  34  mean= +17.06bps  t= +1.74  Sharpe=+4.71  cum=+580bps
  D_毎日_寄30分_非鉄Long                         [ALL] N= 501  mean=  +2.05bps  t= +0.49  Sharpe=+0.35  cum=+1025bps
  D_毎日_寄30分_非鉄Long                         [IS ] N= 280  mean=  -5.08bps  t= -1.08  Sharpe=-1.02  cum=-1421bps
  D_毎日_寄30分_非鉄Long                         [OOS] N= 221  mean= +11.07bps  t= +1.53  Sharpe=+1.63  cum=+2446bps
  E_前場弱_後場_非鉄Long                          [ALL] N= 280  mean=  +3.54bps  t= +0.47  Sharpe=+0.44  cum=+991bps
  E_前場弱_後場_非鉄Long                          [IS ] N= 151  mean=  -6.22bps  t= -0.65  Sharpe=-0.84  cum=-939bps
  E_前場弱_後場_非鉄Long                          [OOS] N= 129  mean= +14.96bps  t= +1.25  Sharpe=+1.74  cum=+1930bps
  E2_LME下落_前場弱_後場_非鉄Long                   [ALL] N=  52  mean= +33.67bps  t= +2.05  Sharpe=+4.50  cum=+1751bps
  E2_LME下落_前場弱_後場_非鉄Long                   [IS ] N=  32  mean= +20.22bps  t= +1.17  Sharpe=+3.26  cum=+647bps
  E2_LME下落_前場弱_後場_非鉄Long                   [OOS] N=  20  mean= +55.18bps  t= +1.70  Sharpe=+6.00  cum=+1104bps
  F_火曜_前場強_後場_非鉄Short                      [ALL] N=  56  mean= +22.31bps  t= +1.28  Sharpe=+2.69  cum=+1249bps
  F_火曜_前場強_後場_非鉄Short                      [IS ] N=  23  mean= -23.19bps  t= -1.09  Sharpe=-3.59  cum=-533bps
  F_火曜_前場強_後場_非鉄Short                      [OOS] N=  33  mean= +54.02bps  t= +2.21  Sharpe=+6.07  cum=+1783bps
  G_水曜_前場弱_後場_非鉄Long                       [ALL] N=  53  mean= +23.07bps  t= +1.41  Sharpe=+3.06  cum=+1223bps
  G_水曜_前場弱_後場_非鉄Long                       [IS ] N=  34  mean=  +4.84bps  t= +0.25  Sharpe=+0.68  cum=+164bps
  G_水曜_前場弱_後場_非鉄Long                       [OOS] N=  19  mean= +55.69bps  t= +1.93  Sharpe=+6.99  cum=+1058bps

result.png 保存完了

=== 昇格候補 (IS/OOSともSharpe>0.0) ===
    A_火曜_前場後半_非鉄Short: IS=-0.37, OOS=+3.71
    B_水曜_引け前_全体Long: IS=-0.64, OOS=+2.76
    C_LME下落_引け前_非鉄Long: IS=-2.42, OOS=+4.71
    D_毎日_寄30分_非鉄Long: IS=-1.02, OOS=+1.63
    E_前場弱_後場_非鉄Long: IS=-0.84, OOS=+1.74
  ★ E2_LME下落_前場弱_後場_非鉄Long: IS Sharpe=+3.26, OOS=+6.00
    F_火曜_前場強_後場_非鉄Short: IS=-3.59, OOS=+6.07
  ★ G_水曜_前場弱_後場_非鉄Long: IS Sharpe=+0.68, OOS=+6.99
